// Jest Snapshot v1, https://goo.gl/fbAQLP

exports[`Health Enzyme 1`] = `ShallowWrapper {}`;
